layout: optkit/ttmp/2026/08/26/OPTKIT-016--proposal-compiler-and-glazed-cli/various/work-slips/04-p2-done.yaml
dry_run: false
height: 685
layout_member: 04-p2-done.yaml
ok: true
printed: true
printer_response:
    ok: true
rendered_at: "2026-08-26T20:33:41Z"
response:
    height: 685
    ok: true
    printed: true
    printerResponse:
        ok: true
    renderedAt: "2026-08-26T20:33:41Z"
    width: 384
source_kind: file
status_code: 200
url: https://almanach.crib.scapegoat.dev/api/render-and-print
width: 384

---

printed: yes
