layout: optkit/ttmp/2026/08/26/OPTKIT-016--proposal-compiler-and-glazed-cli/various/work-slips/09-p5-start.yaml
dry_run: false
height: 482
layout_member: 09-p5-start.yaml
ok: true
printed: true
printer_response:
    ok: true
rendered_at: "2026-08-26T20:41:22Z"
response:
    height: 482
    ok: true
    printed: true
    printerResponse:
        ok: true
    renderedAt: "2026-08-26T20:41:22Z"
    width: 384
source_kind: file
status_code: 200
url: https://almanach.crib.scapegoat.dev/api/render-and-print
width: 384

---

printed: yes
