layout: optkit/ttmp/2026/08/26/OPTKIT-018--candidate-projections-and-workbench-command-api/various/work-slips/00-plan.yaml
dry_run: false
height: 749
layout_member: 00-plan.yaml
ok: true
printed: true
printer_response:
    ok: true
    segments: 2
rendered_at: "2026-08-26T21:39:52Z"
response:
    height: 749
    ok: true
    printed: true
    printerResponse:
        ok: true
        segments: 2
    renderedAt: "2026-08-26T21:39:52Z"
    width: 384
source_kind: file
status_code: 200
url: https://almanach.crib.scapegoat.dev/api/render-and-print
width: 384

---

printed: yes
