layout: optkit/ttmp/2026/08/26/OPTKIT-018--candidate-projections-and-workbench-command-api/various/work-slips/14-p7-done.yaml
dry_run: false
height: 722
layout_member: 14-p7-done.yaml
ok: true
printed: true
printer_response:
    ok: true
    segments: 2
rendered_at: "2026-08-26T22:21:43Z"
response:
    height: 722
    ok: true
    printed: true
    printerResponse:
        ok: true
        segments: 2
    renderedAt: "2026-08-26T22:21:43Z"
    width: 384
source_kind: file
status_code: 200
url: https://almanach.crib.scapegoat.dev/api/render-and-print
width: 384

---

printed: yes
