layout: /home/manuel/workspaces/2026-08-24/use-optkit/optkit/ttmp/2026/08/26/OPTKIT-013--optkit-semantic-catalog-and-executable-variable-bindings/various/work-slips/10-p5-done.yaml
dry_run: false
height: 673
layout_member: 10-p5-done.yaml
ok: true
printed: true
printer_response:
    ok: true
rendered_at: "2026-08-26T19:17:14Z"
response:
    height: 673
    ok: true
    printed: true
    printerResponse:
        ok: true
    renderedAt: "2026-08-26T19:17:14Z"
    width: 384
source_kind: file
status_code: 200
url: https://almanach.crib.scapegoat.dev/api/render-and-print
width: 384

---

printed: yes
