layout: /home/manuel/workspaces/2026-08-24/use-optkit/optkit/ttmp/2026/08/26/OPTKIT-013--optkit-semantic-catalog-and-executable-variable-bindings/various/work-slips/12-p6-done.yaml
dry_run: false
height: 719
layout_member: 12-p6-done.yaml
ok: true
printed: true
printer_response:
    ok: true
    segments: 2
rendered_at: "2026-08-26T19:22:52Z"
response:
    height: 719
    ok: true
    printed: true
    printerResponse:
        ok: true
        segments: 2
    renderedAt: "2026-08-26T19:22:52Z"
    width: 384
source_kind: file
status_code: 200
url: https://almanach.crib.scapegoat.dev/api/render-and-print
width: 384

---

printed: yes
