layout: optkit/ttmp/2026/08/26/OPTKIT-017--proposal-sealing-candidate-manifests-and-campaign-persistence/various/work-slips/10-p5-done.yaml
dry_run: false
height: 742
layout_member: 10-p5-done.yaml
ok: true
printed: true
printer_response:
    ok: true
    segments: 2
rendered_at: "2026-08-26T21:21:04Z"
response:
    height: 742
    ok: true
    printed: true
    printerResponse:
        ok: true
        segments: 2
    renderedAt: "2026-08-26T21:21:04Z"
    width: 384
source_kind: file
status_code: 200
url: https://almanach.crib.scapegoat.dev/api/render-and-print
width: 384

---

printed: yes
