layout: optkit/ttmp/2026/08/26/OPTKIT-017--proposal-sealing-candidate-manifests-and-campaign-persistence/various/work-slips/12-p6-done.yaml
dry_run: false
height: 663
layout_member: 12-p6-done.yaml
ok: true
printed: true
printer_response:
    ok: true
rendered_at: "2026-08-26T21:23:41Z"
response:
    height: 663
    ok: true
    printed: true
    printerResponse:
        ok: true
    renderedAt: "2026-08-26T21:23:41Z"
    width: 384
source_kind: file
status_code: 200
url: https://almanach.crib.scapegoat.dev/api/render-and-print
width: 384

---

printed: yes
