layout: /home/manuel/workspaces/2026-08-24/use-optkit/optkit/ttmp/2026/08/26/OPTKIT-014--whole-pipeline-rag-configuration-and-graph-derivation/various/work-slips/06-p3-done.yaml
dry_run: false
height: 650
layout_member: 06-p3-done.yaml
ok: true
printed: true
printer_response:
    ok: true
rendered_at: "2026-08-26T19:29:06Z"
response:
    height: 650
    ok: true
    printed: true
    printerResponse:
        ok: true
    renderedAt: "2026-08-26T19:29:06Z"
    width: 384
source_kind: file
status_code: 200
url: https://almanach.crib.scapegoat.dev/api/render-and-print
width: 384

---

printed: yes
