layout: /home/manuel/workspaces/2026-08-24/use-optkit/optkit/ttmp/2026/08/26/OPTKIT-012--architecture-closure-and-optimization-workbench-contracts/various/work-slips/04-p2-done.yaml
dry_run: false
height: 516
layout_member: 04-p2-done.yaml
ok: true
printed: true
printer_response:
    ok: true
rendered_at: "2026-08-26T18:55:11Z"
response:
    height: 516
    ok: true
    printed: true
    printerResponse:
        ok: true
    renderedAt: "2026-08-26T18:55:11Z"
    width: 384
source_kind: file
status_code: 200
url: https://almanach.crib.scapegoat.dev/api/render-and-print
width: 384

---

printed: yes
