layout: /home/manuel/workspaces/2026-08-24/use-optkit/optkit/ttmp/2026/08/26/OPTKIT-012--architecture-closure-and-optimization-workbench-contracts/various/work-slips/07-p4-start.yaml
dry_run: false
height: 470
layout_member: 07-p4-start.yaml
ok: true
printed: true
printer_response:
    ok: true
rendered_at: "2026-08-26T18:56:16Z"
response:
    height: 470
    ok: true
    printed: true
    printerResponse:
        ok: true
    renderedAt: "2026-08-26T18:56:16Z"
    width: 384
source_kind: file
status_code: 200
url: https://almanach.crib.scapegoat.dev/api/render-and-print
width: 384

---

printed: yes
